// Jest Snapshot v1, https://goo.gl/fbAQLP

exports[`File fragment injection should 1`] = `
"<!doctype html>
<html lang="en">
    <head>
        <script>
            // The following was generated by a C-style comment.
            console.log("Hello from fragmentFile1.js");

        </script>
        <meta charset="UTF-8" />
        <meta name="viewport" content="width=device-width, initial-scale=1.0" />
        <title>Document</title>
    </head>
    <body>
        <!-- The following was generated by an HTML-style comment. -->
        <div>This is some content from fragmentFile2.html</div>

        <div>
            <pre>
The following was injected by means of a Shell-style comment.
console.log("Hello from fragmentFile1.js");


The following was injected by means of a Powershell comment.
<div>This is some content from fragmentFile2.html</div>

      </pre
            >
        </div>
        <script>
            // Here are some comments which should not be replaced by injection:

            // Missing the leading %:
            //   # FRAGMENT_PATH:./fragmentFile1.js %#

            // Missing the trailing %:
            //   #% FRAGMENT_PATH:./fragmentFile1.js #

            // Typo in FRAGMENT_PATH:
            //   #% FRAGMNT_PATH:./fragmentFile1.js %#
        </script>
    </body>
</html>
"
`;
